plant_support: restored 1 file(s) left mutated by a killed plant: /home/user/Keel/MEASURED.tsv
....................................................
DENOMINATOR subject=clause-fields total=22 annotation-only=4 ['_absorbed_from_U17', '_fixture_note', '_natural_guard', '_note']
.................................................keel: TypeError while serializing -- NOT-EVALUABLE, failing open
.keel: RuntimeError -- NOT-EVALUABLE, failing open
.keel: unreadable event (JSONDecodeError) -- NOT-EVALUABLE
.keel: [T01] probe NOT-EVALUABLE, not a pass
keel: [T02] probe NOT-EVALUABLE, not a pass
keel: [A01] probe NOT-EVALUABLE, not a pass
keel: [A02] probe NOT-EVALUABLE, not a pass
keel: [A03] probe NOT-EVALUABLE, not a pass
keel: [C09-checker-excludes-self] probe NOT-EVALUABLE, not a pass
keel: [U01] probe NOT-EVALUABLE -- treating the occasion as live
keel: [U02] probe NOT-EVALUABLE, not a pass
keel: [U02] probe NOT-EVALUABLE -- treating the occasion as live
keel: [U03] probe NOT-EVALUABLE, not a pass
keel: [U03] probe NOT-EVALUABLE -- treating the occasion as live
keel: [U06] probe NOT-EVALUABLE, not a pass
keel: [U06] probe NOT-EVALUABLE -- treating the occasion as live
keel: [U08] probe NOT-EVALUABLE -- treating the occasion as live
keel: [U09] probe NOT-EVALUABLE, not a pass
keel: [U09] probe NOT-EVALUABLE -- treating the occasion as live
keel: [U12] probe NOT-EVALUABLE, not a pass
keel: [U12] probe NOT-EVALUABLE -- treating the occasion as live
keel: [U13] probe NOT-EVALUABLE, not a pass
keel: [U13] probe NOT-EVALUABLE -- treating the occasion as live
keel: [U19] probe NOT-EVALUABLE, not a pass
keel: [U19] probe NOT-EVALUABLE -- treating the occasion as live
keel: [U20] probe NOT-EVALUABLE -- treating the occasion as live
keel: [U24] probe NOT-EVALUABLE -- treating the occasion as live
.................
DENOMINATOR subject=spelled-totals occurrences=12 joined=9 unjoined=3 definitions=6
.....................................................................................